2026-01-28 14:23:04,353 - INFO - Starting ETL pipeline...
2026-01-28 14:23:04,354 - INFO - Extracting data...
2026-01-28 14:31:05,635 - INFO - Starting ETL pipeline...
2026-01-28 14:31:05,635 - INFO - Extracting data...
2026-01-28 14:31:05,802 - INFO - Extraction complete.
2026-01-28 14:31:05,802 - INFO - Transforming data...
2026-01-28 14:33:06,536 - INFO - Starting ETL pipeline...
2026-01-28 14:33:06,536 - INFO - Extracting data...
2026-01-28 14:33:06,709 - INFO - Extraction complete.
2026-01-28 14:33:06,710 - INFO - Transforming data...
2026-01-28 14:33:06,718 - INFO - Transformation complete.
2026-01-28 14:33:06,718 - INFO - Loading data to DW...
2026-01-28 14:36:11,657 - INFO - Starting ETL pipeline...
2026-01-28 14:36:11,658 - INFO - Extracting data...
2026-01-28 14:38:46,412 - INFO - Starting ETL pipeline...
2026-01-28 14:38:46,413 - INFO - Extracting data...
2026-01-28 14:56:33,984 - INFO - Starting ETL pipeline...
2026-01-28 14:56:33,984 - INFO - Extracting data...
2026-01-28 14:56:57,192 - INFO - Starting ETL pipeline...
2026-01-28 14:56:57,193 - INFO - Extracting data...
2026-01-28 15:30:43,101 - INFO - Starting ETL pipeline...
2026-01-28 15:30:43,102 - INFO - Extracting data...
2026-01-28 15:30:44,135 - INFO - Extraction complete.
2026-01-28 15:30:44,135 - INFO - Transforming data...
2026-01-28 16:42:43,109 - INFO - Starting ETL pipeline...
2026-01-28 16:42:43,110 - INFO - Extracting data...
2026-01-28 16:42:43,311 - INFO - Extraction complete.
2026-01-28 16:42:43,311 - INFO - Transforming data...
2026-01-28 16:49:17,325 - INFO - Starting ETL pipeline...
2026-01-28 16:49:17,326 - INFO - Extracting data...
2026-01-28 16:49:17,508 - INFO - Extraction complete.
2026-01-28 16:49:17,509 - INFO - Transforming data...
2026-01-28 16:51:03,069 - INFO - Starting ETL pipeline...
2026-01-28 16:51:03,070 - INFO - Extracting data...
2026-01-28 16:51:03,278 - INFO - Extraction complete.
2026-01-28 16:51:03,278 - INFO - Transforming data...
2026-01-28 16:51:03,290 - INFO - Transformation complete.
2026-01-28 16:51:03,291 - INFO - Loading data to DW...
2026-01-28 16:52:53,883 - INFO - Starting ETL pipeline...
2026-01-28 16:52:53,884 - INFO - Extracting data...
2026-01-28 16:52:54,083 - INFO - Extraction complete.
2026-01-28 16:52:54,083 - INFO - Transforming data...
2026-01-28 16:52:54,096 - INFO - Transformation complete.
2026-01-28 16:52:54,096 - INFO - Loading data to DW...
2026-01-28 16:52:54,455 - INFO - ETL pipeline completed successfully!
2026-01-28 17:04:58,326 - INFO - Starting ETL pipeline...
2026-01-28 17:04:58,326 - INFO - Extracting data...
2026-01-28 17:04:58,491 - INFO - Extraction complete.
2026-01-28 17:04:58,492 - INFO - Transforming data...
2026-01-28 17:04:58,508 - INFO - Transformation complete.
2026-01-28 17:04:58,508 - INFO - Loading data to DW...
2026-01-28 17:04:59,083 - INFO - ETL pipeline completed successfully!
2026-01-28 17:07:31,083 - INFO - Starting ETL pipeline...
2026-01-28 17:07:31,085 - INFO - Extracting data...
2026-01-28 17:07:31,236 - INFO - Extraction complete.
2026-01-28 17:07:31,236 - INFO - Transforming data...
2026-01-28 17:08:28,240 - INFO - Starting ETL pipeline...
2026-01-28 17:08:28,241 - INFO - Extracting data...
2026-01-28 17:08:28,449 - INFO - Extraction complete.
2026-01-28 17:08:28,449 - INFO - Transforming data...
2026-01-28 17:08:28,460 - INFO - Transformation complete.
2026-01-28 17:08:28,460 - INFO - Loading data to DW...
2026-01-28 17:08:29,042 - INFO - ETL pipeline completed successfully!
2026-01-28 17:10:07,544 - INFO - Starting ETL pipeline...
2026-01-28 17:10:07,544 - INFO - Extracting data...
2026-01-28 17:10:07,697 - INFO - Extraction complete.
2026-01-28 17:10:07,697 - INFO - Transforming data...
2026-01-28 17:12:33,267 - INFO - Starting ETL pipeline...
2026-01-28 17:12:33,268 - INFO - Extracting data...
2026-01-28 17:12:33,491 - INFO - Extraction complete.
2026-01-28 17:12:33,491 - INFO - Transforming data...
2026-01-28 17:12:33,502 - INFO - Transformation complete.
2026-01-28 17:12:33,502 - INFO - Loading data to DW...
2026-01-28 17:12:34,042 - INFO - ETL pipeline completed successfully!
